(node:41420) Warning: Setting the NODE_TLS_REJECT_UNAUTHORIZED environment variable to '0' makes TLS connections and HTTPS requests insecure by disabling certificate verification.
(Use `node --trace-warnings ...` to show where the warning was created)
PASS  đăng ký + phiên đăng nhập — HTTP 200
PASS  AC-I9a — lessons.list thấy bài Docker mới — 6 bài: ckad-configmap-as-files, dlp-docker-basics, dlp-sandbox-basics, loki-quickstart, loxilb-tcp-load-balancing, prolug-linux-system-checking
PASS  AC-I9b — lessons.get trả đủ 6 step + markdown (chứng minh .md CÓ trong image) — 6 step, độ dài md: 1092/1011/1173/1286/1022/2375
PASS  AC-I9c — không thiếu năng lực nào — unsupportedCapabilities=[]
PASS  startSession cấp pod — session=d018be648576daff5925f0417f943599 pod=sandbox-39a64d6d3cf9
PASS  setup — background chạy + asset app.py đẩy được
PASS  AC-I11 step1 vế CHƯA ĐẠT (trước khi làm) — docker pull python:3.12-slim — passed=false exit=1 out="Chua thay image python:3.12-slim. Hay chay: docker pull python:3.12-slim"
PASS  AC-I11 step1 vế ĐẠT (sau khi làm) — docker pull python:3.12-slim — passed=true exit=0 (hành động 78.1s)
PASS  AC-I10 — image python:3.12-slim CÓ THẬT trong sandbox — sha256:dd29372629eeba2dd003fd9
PASS  AC-I11 step2 vế CHƯA ĐẠT (trước khi làm) — docker run -d --name web -p 8080:80 nginx:alpine — passed=false exit=1 out="Chua thay container ten 'web' dang chay.\nHay chay: docker run -d --name web -p 8"
Unable to find image 'nginx:alpine' locally
alpine: Pulling from library/nginx
62bec68d7c31: Pulling fs layer
46f977ee452f: Pulling fs layer
55afa1ecc21d: Pulling fs layer
46519e7231d2: Pulling fs layer
1223f016b4e4: Pulling fs layer
390dc935348d: Pulling fs layer
d0008c891db4: Pulling fs layer
3cd534fe98c6: Pulling fs layer
d0008c891db4: Download complete
3cd534fe98c6: Download complete
1223f016b4e4: Download complete
55afa1ecc21d: Download complete
46f977ee452f: Download complete
390dc935348d: Download complete
62bec68d7c31: Download complete
46519e7231d2: Download complete
139c372786b9: Download complete
cd757d6c129e: Download complete
55afa1ecc21d: Pull complete
3cd534fe98c6: Pull complete
1223f016b4e4: Pull complete
62bec68d7c31: Pull complete
46f977ee452f: Pull complete
d0008c891db4: Pull complete
390dc935348d: Pull complete
46519e7231d2: Pull complete
Digest: sha256:4a73073bd557c65b759505da037898b61f1be6cbcc3c2c3aeac22d2a470c1752
Status: Downloaded newer image for nginx:alpine
PASS  AC-I11 step2 vế ĐẠT (sau khi làm) — docker run -d --name web -p 8080:80 nginx:alpine — passed=true exit=0 (hành động 79.6s)
PASS  AC-I11 step3 vế CHƯA ĐẠT (trước khi làm) — docker exec tạo mốc trong container — passed=false exit=1 out="Chua thay /tmp/dlp-marker BEN TRONG container 'web'.\nHay chay: docker exec -it w"
PASS  AC-I11 step3 vế ĐẠT (sau khi làm) — docker exec tạo mốc trong container — passed=true exit=0 (hành động 1.3s)
PASS  AC-I11 step4 vế CHƯA ĐẠT (trước khi làm) — docker build -t myapp:1 . — passed=false exit=1 out="Chua thay image myapp:1.\nHay chay: cd /root/lab-docker && docker build -t myapp:"
#0 building with "default" instance using docker driver

#1 [internal] load build definition from Dockerfile
#1 transferring dockerfile:
#1 transferring dockerfile: 111B 0.1s done
#1 DONE 0.2s

#2 [internal] load metadata for docker.io/library/python:3.12-slim
#2 DONE 0.2s

#3 [internal] load .dockerignore
#3 transferring context: 2B 0.0s done
#3 DONE 0.1s

#4 [internal] load build context
#4 transferring context: 414B 0.1s done
#4 DONE 0.2s

#5 [1/3] FROM docker.io/library/python:3.12-slim@sha256:dd29372629eeba2dd003fd9e9d35a5b8236c44727875a0364254b5127af88e65
#5 resolve docker.io/library/python:3.12-slim@sha256:dd29372629eeba2dd003fd9e9d35a5b8236c44727875a0364254b5127af88e65
#5 resolve docker.io/library/python:3.12-slim@sha256:dd29372629eeba2dd003fd9e9d35a5b8236c44727875a0364254b5127af88e65 0.3s done
#5 DONE 0.8s

#6 [2/3] WORKDIR /app
#6 DONE 0.4s

#7 [3/3] COPY app.py .
#7 DONE 0.2s

#8 exporting to image
#8 exporting layers
#8 exporting layers 0.9s done
#8 exporting manifest sha256:148a1c602546d0edae5a1e16d69efc1379d4f0f08ac7394139ed2f1894a7538d 0.0s done
#8 exporting config sha256:684d8e2cd6a1a42380cf3c87230ddd0e047648513de083570b1b9627f258e31d 0.1s done
#8 exporting attestation manifest sha256:11b7fda03ebeea47639dd0c77e07128cee5d53074b0c11b0ed49d23576b0a7c2
#8 exporting attestation manifest sha256:11b7fda03ebeea47639dd0c77e07128cee5d53074b0c11b0ed49d23576b0a7c2 0.1s done
#8 exporting manifest list sha256:c4c4f7bcff2dd1cf669e4cadc954966ae2b122c2ef80044eb83535b6a256dc47
#8 exporting manifest list sha256:c4c4f7bcff2dd1cf669e4cadc954966ae2b122c2ef80044eb83535b6a256dc47 0.1s done
#8 naming to docker.io/library/myapp:1 done
#8 unpacking to docker.io/library/myapp:1
#8 unpacking to docker.io/library/myapp:1 0.5s done
#8 DONE 2.0s
PASS  AC-I11 step4 vế ĐẠT (sau khi làm) — docker build -t myapp:1 . — passed=true exit=0 (hành động 7.4s)
PASS  AC-I12 — myapp:1 CHẠY và in đúng chuỗi — "DLP docker lab: xin chao tu container\npython=3.12.14"
PASS  AC-I11 step5 vế CHƯA ĐẠT (trước khi làm) — docker tag myapp:1 myapp:stable — passed=false exit=1 out="Chua thay tag myapp:stable. Hay chay: docker tag myapp:1 myapp:stable"
PASS  AC-I11 step5 vế ĐẠT (sau khi làm) — docker tag myapp:1 myapp:stable — passed=true exit=0 (hành động 1.2s)
PASS  AC-I13 — step6 đạt: pypi CHẶN và mirror THÔNG (đối chứng dương nằm trong chính verify) — passed=true exit=0 out="Dat — pypi.org:443 bi chan, trong khi mirror Docker Hub van thong.\nDo la bang chung mang bi LOC co chon loc, khong phai mang chet."
PASS  AC-I16 — đỉnh RAM của bài, đo ở cgroup host — đỉnh=437Mi (nền lúc mở phiên=73Mi) · hiện=399Mi · trần=1024Mi · dùng 43% trần

TỔNG: 20/20 PASS
