+ docker build -t dlp-6e:latest .
#0 building with "default" instance using docker driver

#1 [internal] load build definition from Dockerfile
#1 transferring dockerfile: 108B 0.0s done
#1 DONE 0.1s

#2 [internal] load metadata for docker.io/library/nginx:alpine
#2 DONE 0.1s

#3 [internal] load .dockerignore
#3 transferring context: 2B done
#3 DONE 0.0s

#4 [1/2] FROM docker.io/library/nginx:alpine@sha256:a9ae6f6d078d477e21323310498e5196cb2b7c0aedd9e07b7306612077227d7c
#4 resolve docker.io/library/nginx:alpine@sha256:a9ae6f6d078d477e21323310498e5196cb2b7c0aedd9e07b7306612077227d7c 0.1s done
#4 DONE 0.5s

#5 [2/2] RUN echo hello-6e > /usr/share/nginx/html/index.html
#5 DONE 2.8s

#6 exporting to image
#6 exporting layers
#6 exporting layers 0.5s done
#6 exporting manifest sha256:d24a886a93981dad96d056e1d93d20be0c02eef1dede66e0fc84833d06a1b861 0.0s done
#6 exporting config sha256:5d3518882152986197c305c9736f07a200f59837eeb9a8a243c532222ffdc374 0.0s done
#6 exporting attestation manifest sha256:43455b6bc591797857ef17d80e91970f8dec7160917650596467cd29c454e1b6 0.0s done
#6 exporting manifest list sha256:07be724489ec81fa53d85226245e171c8c7504e4d285c847ea4d61aae7598f1d
#6 exporting manifest list sha256:07be724489ec81fa53d85226245e171c8c7504e4d285c847ea4d61aae7598f1d 0.0s done
#6 naming to docker.io/library/dlp-6e:latest done
#6 unpacking to docker.io/library/dlp-6e:latest
#6 unpacking to docker.io/library/dlp-6e:latest 0.2s done
#6 DONE 1.0s
+ docker run --rm dlp-6e:latest cat /usr/share/nginx/html/index.html
hello-6e
+ docker ps
CONTAINER ID   IMAGE          COMMAND                  CREATED          STATUS          PORTS                                     NAMES
c78a2332875a   nginx:alpine   "/docker-entrypoint.…"   14 seconds ago   Up 12 seconds   0.0.0.0:8080->80/tcp, [::]:8080->80/tcp   web
+ echo XONG
XONG
